LakeFS doctor could not find any configuration issues
