access_key_id value looks suspicious...
secret_access_key value looks suspicious...
Wrong URI format for server.endpoint_url: http://127.0.0.1:8000
Error executing command.
