secret_access_key value looks suspicious...
Login: json: cannot unmarshal string into Go value of type api.Error
Error executing command.
