error reading configuration file: open not_exited.yaml: no such file or directory
Error executing command.
