It looks like you have a problem with your `/root/.lakectl.yaml` file.
error authenticating request
