Login: json: cannot unmarshal string into Go value of type api.Error
Error executing command.
