download ${DIR}/${FILE}.0                      ... done! [1.02KB in 0s]
download ${DIR}/${FILE}.1                      ... done! [1.02KB in 0s]
download ${DIR}/${FILE}.2                      ... done! [1.02KB in 0s]
download ${DIR}/${FILE}.3                      ... done! [1.02KB in 0s]
download ${DIR}/${FILE}.4                      ... done! [1.02KB in 0s]
